Microchip MPLAB XC8 Compiler V1.40 ()

Linker command line:

-W-3 --edf=C:\Program Files (x86)\Microchip\xc8\v1.40\dat\en_msgs.txt -cs \
  -h+dist/default/production\adcon.X.production.sym \
  --cmf=dist/default/production\adcon.X.production.cmf -z -Q18F4450 \
  -oC:\Users\Usuario\AppData\Local\Temp\s84g.2 \
  -Mdist/default/production/adcon.X.production.map -E1 -ver=XC8 \
  -ASTACK=060h-01ffh -pstack=STACK -ACODE=00h-03FFFh -ACONST=00h-03FFFh \
  -ASMALLCONST=0500h-05FFhx59 -AMEDIUMCONST=0500h-03FFFh -ACOMRAM=01h-05Fh \
  -AABS1=00h-01FFh,0400h-04FFh -ABIGRAM=01h-01FFh,0400h-04FFh \
  -ARAM=060h-0FFh,0100h-01FFh,0400h-04FFh -ABANK0=060h-0FFh \
  -ABANK1=0100h-01FFh -ABANK4=0400h-04FFh -ASFR=0F60h-0FFFh \
  -preset_vec=00h,intcode,intcodelo,powerup,init -pramtop=0500h \
  -psmallconst=SMALLCONST -pmediumconst=MEDIUMCONST -pconst=CONST \
  -AFARRAM=00h-00h -ACONFIG=0300000h-030000Dh -pconfig=CONFIG \
  -AIDLOC=0200000h-0200007h -pidloc=IDLOC \
  -prdata=COMRAM,nvrram=COMRAM,nvbit=COMRAM,rbss=COMRAM,rbit=COMRAM \
  -pfarbss=FARRAM,fardata=FARRAM,nvFARRAM=FARRAM \
  -pintsave_regs=BIGRAM,bigbss=BIGRAM,bigdata=BIGRAM -pbss=RAM \
  -pidata=CODE,irdata=CODE,ibigdata=CODE,ifardata=CODE -prparam=COMRAM \
  C:\Users\Usuario\AppData\Local\Temp\s84g.obj \
  dist/default/production\adcon.X.production.obj 

Object code version is 3.11

Machine type is 18F4450

Call graph: (short form)




                Name                               Link     Load   Length Selector   Space Scale
C:\Users\Usuario\AppData\Local\Temp\s84g.obj
                init                                  0        0        4        0       0
                idloc                            200000   200000        8   200000       0
                config                           300000   300000        E   300000       0
dist/default/production\adcon.X.production.obj
                smallconst                          500      500       4C      280       0
                text13                              AD6      AD6       24      2A6       0
                text12                              74E      74E       8C      2A6       0
                text11                              6B0      6B0       9E      2A6       0
                text10                              7DA      7DA       72      2A6       0
                text9                               96A      96A       52      2A6       0
                text8                               918      918       52      2A6       0
                text7                               9FE      9FE       42      2A6       0
                text6                               60C      60C       A4      2A6       0
                text5                               9BC      9BC       42      2A6       0
                text4                               A40      A40       3C      2A6       0
                text3                               84C      84C       6A      2A6       0
                text2                               8B6      8B6       62      2A6       0
                text1                               AB2      AB2       24      2A6       0
                text0                               54C      54C       C0      2A6       0
                cstackCOMRAM                          1        1       23        1       1
                dataCOMRAM                           37       37        7        1       1
                bssCOMRAM                            24       24       13        1       1
                cinit                               A7C      A7C       36      2A6       0
                idataCOMRAM                         AFA      AFA        7      2A6       0

TOTAL           Name                               Link     Load   Length     Space
        CLASS   STACK          

        CLASS   CODE           
                init                                  0        0        4         0
                text13                              AD6      AD6       24         0
                text12                              74E      74E       8C         0
                text11                              6B0      6B0       9E         0
                text10                              7DA      7DA       72         0
                text9                               96A      96A       52         0
                text8                               918      918       52         0
                text7                               9FE      9FE       42         0
                text6                               60C      60C       A4         0
                text5                               9BC      9BC       42         0
                text4                               A40      A40       3C         0
                text3                               84C      84C       6A         0
                text2                               8B6      8B6       62         0
                text1                               AB2      AB2       24         0
                text0                               54C      54C       C0         0
                cinit                               A7C      A7C       36         0
                idataCOMRAM                         AFA      AFA        7         0

        CLASS   CONST          

        CLASS   SMALLCONST     
                smallconst                          500      500       4C         0

        CLASS   MEDIUMCONST    

        CLASS   COMRAM         
                cstackCOMRAM                          1        1       23         1
                dataCOMRAM                           37       37        7         1
                bssCOMRAM                            24       24       13         1

        CLASS   ABS1           

        CLASS   BIGRAM         

        CLASS   RAM            

        CLASS   BANK0          

        CLASS   BANK1          

        CLASS   BANK4          

        CLASS   SFR            

        CLASS   FARRAM         

        CLASS   CONFIG         
                config                           300000   300000        E         0

        CLASS   IDLOC          
                idloc                            200000   200000        8         0



SEGMENTS        Name                           Load    Length   Top    Selector   Space  Class

                reset_vec                      000000  000004  000004         0       0  CODE    
                cstackCOMRAM                   000001  00003D  00003E         1       1  COMRAM  
                smallconst                     000500  00004C  00054C       280       0  SMALLCON
                text0                          00054C  0005B5  000B01       2A6       0  CODE    
                idloc                          200000  000008  200008    200000       0  IDLOC   
                config                         300000  00000E  30000E    300000       0  CONFIG  


UNUSED ADDRESS RANGES

        Name                Unused          Largest block    Delta
        BANK0            000060-0000FF               A0
        BANK1            000100-0001FF              100
        BANK4            000400-0004FF              100
        BIGRAM           00003E-0001FF              1C2
                         000400-0004FF              100
        CODE             000004-0004FF              4FC
                         000B01-003FFF             34FF
        COMRAM           00003E-00005F               22
        CONST            000004-0004FF              4FC
                         000B01-003FFF             34FF
        MEDIUMCONST      000B01-003FFF             34FF
        RAM              000060-0001FF               A0
                         000400-0004FF              100
        SFR              000F60-000FFF               A0
        SMALLCONST       000B01-003FFF              100
        STACK            000060-0001FF              1A0

                                  Symbol Table

?___lwdiv                     cstackCOMRAM 000001
?___lwmod                     cstackCOMRAM 000001
Delay@Cnt1                    cstackCOMRAM 000001
Delay@Cnt2                    cstackCOMRAM 000002
EnderecoCursor@endereco       cstackCOMRAM 000003
EscreveCaractereLCD@data      cstackCOMRAM 000003
EscreveComandoLCD@cmd         cstackCOMRAM 000003
EscreveFraseRamLCD@buffer     cstackCOMRAM 000004
EscreveInteiroLCD@F3290       dataCOMRAM   000037
EscreveInteiroLCD@texto       cstackCOMRAM 00001B
EscreveInteiroLCD@valor       cstackCOMRAM 000019
PosicaoCursorLCD@EnderecoLCD  cstackCOMRAM 000006
PosicaoCursorLCD@coluna       cstackCOMRAM 000004
PosicaoCursorLCD@linha        cstackCOMRAM 000005
_ADCON0bits                   (abs)        000FC2
_ADCON1                       (abs)        000FC1
_ADCON1bits                   (abs)        000FC1
_ADCON2bits                   (abs)        000FC0
_ADRESH                       (abs)        000FC4
_ADRESL                       (abs)        000FC3
_ConfiguraLCD                 text11       0006B0
_Delay                        text13       000AD6
_EnderecoCursor               text3        00084C
_EscreveCaractereLCD          text10       0007DA
_EscreveComandoLCD            text12       00074E
_EscreveFraseRamLCD           text9        00096A
_EscreveInteiroLCD            text4        000A40
_PORTDbits                    (abs)        000F83
_PosicaoCursorLCD             text2        0008B6
_TRISDbits                    (abs)        000F95
_Texto_0                      smallconst   000529
_Texto_1                      smallconst   000538
__HRAM                        (abs)        000000
__Habs1                       abs1         000000
__Hbank0                      bank0        000000
__Hbank1                      bank1        000000
__Hbank4                      bank4        000000
__Hbigbss                     bigbss       000000
__Hbigdata                    bigdata      000000
__Hbigram                     bigram       000000
__Hbss                        bss          000000
__HbssCOMRAM                  bssCOMRAM    000000
__Hcinit                      cinit        000000
__Hclrtext                    clrtext      000000
__Hcomram                     comram       000000
__Hconfig                     config       30000E
__Hconst                      const        000000
__HcstackCOMRAM               cstackCOMRAM 000000
__Hdata                       data         000000
__HdataCOMRAM                 dataCOMRAM   000000
__Hfarbss                     farbss       000000
__Hfardata                    fardata      000000
__Hibigdata                   ibigdata     000000
__Hidata                      idata        000000
__HidataCOMRAM                idataCOMRAM  000000
__Hidloc                      idloc        200008
__Hifardata                   ifardata     000000
__Hinit                       init         000004
__Hintcode                    intcode      000000
__Hintcode_body               intcode_body 000000
__Hintcodelo                  intcodelo    000000
__Hintentry                   intentry     000000
__Hintret                     intret       000000
__Hintsave_regs               intsave_regs 000000
__Hirdata                     irdata       000000
__Hmediumconst                mediumconst  000000
__HnvFARRAM                   nvFARRAM     000000
__Hnvbit                      nvbit        000000
__Hnvrram                     nvrram       000000
__Hparam                      rparam       000000
__Hpowerup                    powerup      000000
__Hram                        ram          000000
__Hramtop                     ramtop       000500
__Hrbit                       rbit         000000
__Hrbss                       rbss         000000
__Hrdata                      rdata        000000
__Hreset_vec                  reset_vec    000000
__Hrparam                     rparam       000000
__Hsfr                        sfr          000000
__Hsmallconst                 smallconst   00054C
__Hspace_0                    (abs)        30000E
__Hspace_1                    (abs)        00003E
__Hspace_2                    (abs)        000000
__Hstack                      stack        000000
__Hstruct                     struct       000000
__Htemp                       temp         000000
__Htext                       text         000000
__Htext0                      text0        000000
__Htext1                      text1        000000
__Htext10                     text10       000000
__Htext11                     text11       000000
__Htext12                     text12       000000
__Htext13                     text13       000000
__Htext2                      text2        000000
__Htext3                      text3        000000
__Htext4                      text4        000000
__Htext5                      text5        000000
__Htext6                      text6        000000
__Htext7                      text7        000000
__Htext8                      text8        000000
__Htext9                      text9        000000
__LRAM                        (abs)        000001
__Labs1                       abs1         000000
__Lbank0                      bank0        000000
__Lbank1                      bank1        000000
__Lbank4                      bank4        000000
__Lbigbss                     bigbss       000000
__Lbigdata                    bigdata      000000
__Lbigram                     bigram       000000
__Lbss                        bss          000000
__LbssCOMRAM                  bssCOMRAM    000000
__Lcinit                      cinit        000000
__Lclrtext                    clrtext      000000
__Lcomram                     comram       000000
__Lconfig                     config       300000
__Lconst                      const        000000
__LcstackCOMRAM               cstackCOMRAM 000000
__Ldata                       data         000000
__LdataCOMRAM                 dataCOMRAM   000000
__Lfarbss                     farbss       000000
__Lfardata                    fardata      000000
__Libigdata                   ibigdata     000000
__Lidata                      idata        000000
__LidataCOMRAM                idataCOMRAM  000000
__Lidloc                      idloc        200000
__Lifardata                   ifardata     000000
__Linit                       init         000000
__Lintcode                    intcode      000000
__Lintcode_body               intcode_body 000000
__Lintcodelo                  intcodelo    000000
__Lintentry                   intentry     000000
__Lintret                     intret       000000
__Lintsave_regs               intsave_regs 000000
__Lirdata                     irdata       000000
__Lmediumconst                mediumconst  000000
__LnvFARRAM                   nvFARRAM     000000
__Lnvbit                      nvbit        000000
__Lnvrram                     nvrram       000000
__Lparam                      rparam       000000
__Lpowerup                    powerup      000000
__Lram                        ram          000000
__Lramtop                     ramtop       000500
__Lrbit                       rbit         000000
__Lrbss                       rbss         000000
__Lrdata                      rdata        000000
__Lreset_vec                  reset_vec    000000
__Lrparam                     rparam       000000
__Lsfr                        sfr          000000
__Lsmallconst                 smallconst   000500
__Lspace_0                    (abs)        000000
__Lspace_1                    (abs)        000000
__Lspace_2                    (abs)        000000
__Lstack                      stack        000000
__Lstruct                     struct       000000
__Ltemp                       temp         000000
__Ltext                       text         000000
__Ltext0                      text0        000000
__Ltext1                      text1        000000
__Ltext10                     text10       000000
__Ltext11                     text11       000000
__Ltext12                     text12       000000
__Ltext13                     text13       000000
__Ltext2                      text2        000000
__Ltext3                      text3        000000
__Ltext4                      text4        000000
__Ltext5                      text5        000000
__Ltext6                      text6        000000
__Ltext7                      text7        000000
__Ltext8                      text8        000000
__Ltext9                      text9        000000
__S0                          (abs)        30000E
__S1                          (abs)        00003E
__S2                          (abs)        000000
___inthi_sp                   stack        000000
___intlo_sp                   stack        000000
___lwdiv                      text8        000918
___lwdiv@counter              cstackCOMRAM 000007
___lwdiv@dividend             cstackCOMRAM 000001
___lwdiv@divisor              cstackCOMRAM 000003
___lwdiv@quotient             cstackCOMRAM 000005
___lwmod                      text7        0009FE
___lwmod@counter              cstackCOMRAM 000005
___lwmod@dividend             cstackCOMRAM 000001
___lwmod@divisor              cstackCOMRAM 000003
___param_bank                 (abs)        000000
___rparam_used                (abs)        000001
___sp                         stack        000000
__accesstop                   (abs)        000060
__activetblptr                (abs)        000002
__end_of_ConfiguraLCD         text11       00074E
__end_of_Delay                text13       000AFA
__end_of_EnderecoCursor       text3        0008B6
__end_of_EscreveCaractereLCD  text10       00084C
__end_of_EscreveComandoLCD    text12       0007DA
__end_of_EscreveFraseRamLCD   text9        0009BC
__end_of_EscreveInteiroLCD    text4        000A7C
__end_of_PosicaoCursorLCD     text2        000918
__end_of_Texto_0              smallconst   000538
__end_of_Texto_1              smallconst   00053F
__end_of___lwdiv              text8        00096A
__end_of___lwmod              text7        000A40
__end_of__initialization      cinit        000AA8
__end_of_delay_ms             text1        000AD6
__end_of_dpowers              smallconst   000529
__end_of_itoa                 text5        0009FE
__end_of_main                 text0        00060C
__end_of_utoa                 text6        0006B0
__initialization              cinit        000A7C
__mediumconst                 mediumconst  000000
__pbssCOMRAM                  bssCOMRAM    000024
__pcinit                      cinit        000A7C
__pcstackCOMRAM               cstackCOMRAM 000001
__pdataCOMRAM                 dataCOMRAM   000037
__pidataCOMRAM                idataCOMRAM  000AFA
__psmallconst                 smallconst   000500
__ptext0                      text0        00054C
__ptext1                      text1        000AB2
__ptext10                     text10       0007DA
__ptext11                     text11       0006B0
__ptext12                     text12       00074E
__ptext13                     text13       000AD6
__ptext2                      text2        0008B6
__ptext3                      text3        00084C
__ptext4                      text4        000A40
__ptext5                      text5        0009BC
__ptext6                      text6        00060C
__ptext7                      text7        0009FE
__ptext8                      text8        000918
__ptext9                      text9        00096A
__ramtop                      ramtop       000500
__size_of_ConfiguraLCD        (abs)        000000
__size_of_Delay               (abs)        000000
__size_of_EnderecoCursor      (abs)        000000
__size_of_EscreveCaractereLCD (abs)        000000
__size_of_EscreveComandoLCD   (abs)        000000
__size_of_EscreveFraseRamLCD  (abs)        000000
__size_of_EscreveInteiroLCD   (abs)        000000
__size_of_PosicaoCursorLCD    (abs)        000000
__size_of___lwdiv             (abs)        000000
__size_of___lwmod             (abs)        000000
__size_of_delay_ms            (abs)        000000
__size_of_itoa                (abs)        000000
__size_of_main                (abs)        000000
__size_of_utoa                (abs)        000000
__smallconst                  smallconst   000500
_delay_ms                     text1        000AB2
_itoa                         text5        0009BC
_main                         text0        00054C
_utoa                         text6        00060C
_valor_AN0                    bssCOMRAM    000024
delay_ms@delaytime            cstackCOMRAM 000001
end_of_initialization         cinit        000AA8
ftoa@buf                      bssCOMRAM    000026
intlevel0                     text         000000
intlevel1                     text         000000
intlevel2                     text         000000
intlevel3                     text         000000
itoa@base                     cstackCOMRAM 000015
itoa@buf                      cstackCOMRAM 000011
itoa@cp                       cstackCOMRAM 000017
itoa@val                      cstackCOMRAM 000013
stackhi                       (abs)        0001FF
stacklo                       (abs)        000060
start                         init         000000
start_initialization          cinit        000A7C
utoa@base                     cstackCOMRAM 00000C
utoa@buf                      cstackCOMRAM 000008
utoa@c                        cstackCOMRAM 000010
utoa@v                        cstackCOMRAM 00000E
utoa@val                      cstackCOMRAM 00000A


FUNCTION INFORMATION:

 *************** function _main *****************
 Defined at:
		line 23 in file "adcon.c"
 Parameters:    Size  Location     Type
		None
 Auto vars:     Size  Location     Type
		None
 Return value:  Size  Location     Type
                  1    wreg      void 
 Registers used:
		wreg, fsr0l, fsr0h, fsr1l, fsr1h, fsr2l, fsr2h, status,2, status,0, tblptrl, tblptrh, tblptru, cstack
 Tracked objects:
		On entry : 
		On exit  : 
		Unchanged: 
 Data sizes:     COMRAM   BANK0   BANK1   BANK4
      Params:         0       0       0       0
      Locals:         0       0       0       0
      Temps:          2       0       0       0
      Totals:         2       0       0       0
Total ram usage:        2 bytes
 Hardware stack levels required when called:    4
 This function calls:
		_ConfiguraLCD
		_EscreveComandoLCD
		_EscreveFraseRamLCD
		_EscreveInteiroLCD
		_PosicaoCursorLCD
		_delay_ms
 This function is called by:
		Startup code after reset
 This function uses a non-reentrant model


 *************** function _delay_ms *****************
 Defined at:
		line 15 in file "adcon.c"
 Parameters:    Size  Location     Type
  delaytime       2    0[COMRAM] int 
 Auto vars:     Size  Location     Type
		None
 Return value:  Size  Location     Type
                  1    wreg      void 
 Registers used:
		wreg, status,2, status,0
 Tracked objects:
		On entry : 
		On exit  : 
		Unchanged: 
 Data sizes:     COMRAM   BANK0   BANK1   BANK4
      Params:         2       0       0       0
      Locals:         0       0       0       0
      Temps:          1       0       0       0
      Totals:         3       0       0       0
Total ram usage:        3 bytes
 Hardware stack levels used:    1
 This function calls:
		Nothing
 This function is called by:
		_main
 This function uses a non-reentrant model


 *************** function _PosicaoCursorLCD *****************
 Defined at:
		line 280 in file "displayLCD.c"
 Parameters:    Size  Location     Type
  linha           1    wreg     unsigned char 
  coluna          1    3[COMRAM] unsigned char 
 Auto vars:     Size  Location     Type
  linha           1    4[COMRAM] unsigned char 
  EnderecoLCD     1    5[COMRAM] unsigned char 
 Return value:  Size  Location     Type
                  1    wreg      void 
 Registers used:
		wreg, status,2, status,0, cstack
 Tracked objects:
		On entry : 
		On exit  : 
		Unchanged: 
 Data sizes:     COMRAM   BANK0   BANK1   BANK4
      Params:         1       0       0       0
      Locals:         2       0       0       0
      Temps:          0       0       0       0
      Totals:         3       0       0       0
Total ram usage:        3 bytes
 Hardware stack levels used:    1
 Hardware stack levels required when called:    2
 This function calls:
		_EnderecoCursor
 This function is called by:
		_main
 This function uses a non-reentrant model


 *************** function _EnderecoCursor *****************
 Defined at:
		line 229 in file "displayLCD.c"
 Parameters:    Size  Location     Type
  endereco        1    wreg     unsigned char 
 Auto vars:     Size  Location     Type
  endereco        1    2[COMRAM] unsigned char 
 Return value:  Size  Location     Type
                  1    wreg      void 
 Registers used:
		wreg, status,2, status,0, cstack
 Tracked objects:
		On entry : 
		On exit  : 
		Unchanged: 
 Data sizes:     COMRAM   BANK0   BANK1   BANK4
      Params:         0       0       0       0
      Locals:         1       0       0       0
      Temps:          0       0       0       0
      Totals:         1       0       0       0
Total ram usage:        1 bytes
 Hardware stack levels used:    1
 Hardware stack levels required when called:    1
 This function calls:
		_Delay
 This function is called by:
		_PosicaoCursorLCD
		_CriaCaractereLCD
 This function uses a non-reentrant model


 *************** function _EscreveInteiroLCD *****************
 Defined at:
		line 391 in file "displayLCD.c"
 Parameters:    Size  Location     Type
  valor           2   24[COMRAM] int 
 Auto vars:     Size  Location     Type
  texto           7   26[COMRAM] unsigned char [7]
 Return value:  Size  Location     Type
                  1    wreg      void 
 Registers used:
		wreg, fsr0l, fsr0h, fsr1l, fsr1h, fsr2l, fsr2h, status,2, status,0, tblptrl, tblptrh, tblptru, cstack
 Tracked objects:
		On entry : 
		On exit  : 
		Unchanged: 
 Data sizes:     COMRAM   BANK0   BANK1   BANK4
      Params:         2       0       0       0
      Locals:         7       0       0       0
      Temps:          0       0       0       0
      Totals:         9       0       0       0
Total ram usage:        9 bytes
 Hardware stack levels used:    1
 Hardware stack levels required when called:    3
 This function calls:
		_EscreveFraseRamLCD
		_itoa
 This function is called by:
		_main
 This function uses a non-reentrant model


 *************** function _itoa *****************
 Defined at:
		line 4 in file "C:\Program Files (x86)\Microchip\xc8\v1.40\sources\common\itoa.c"
 Parameters:    Size  Location     Type
  buf             2   16[COMRAM] PTR unsigned char 
		 -> EscreveInteiroLCD@texto(7), 
  val             2   18[COMRAM] int 
  base            2   20[COMRAM] int 
 Auto vars:     Size  Location     Type
  cp              2   22[COMRAM] PTR unsigned char 
		 -> EscreveInteiroLCD@texto(7), 
 Return value:  Size  Location     Type
                  2   16[COMRAM] PTR unsigned char 
 Registers used:
		wreg, fsr2l, fsr2h, status,2, status,0, cstack
 Tracked objects:
		On entry : 
		On exit  : 
		Unchanged: 
 Data sizes:     COMRAM   BANK0   BANK1   BANK4
      Params:         6       0       0       0
      Locals:         2       0       0       0
      Temps:          0       0       0       0
      Totals:         8       0       0       0
Total ram usage:        8 bytes
 Hardware stack levels used:    1
 Hardware stack levels required when called:    2
 This function calls:
		_utoa
 This function is called by:
		_EscreveInteiroLCD
 This function uses a non-reentrant model


 *************** function _utoa *****************
 Defined at:
		line 17 in file "C:\Program Files (x86)\Microchip\xc8\v1.40\sources\common\itoa.c"
 Parameters:    Size  Location     Type
  buf             2    7[COMRAM] PTR unsigned char 
		 -> EscreveInteiroLCD@texto(7), 
  val             2    9[COMRAM] unsigned int 
  base            2   11[COMRAM] int 
 Auto vars:     Size  Location     Type
  v               2   13[COMRAM] unsigned int 
  c               1   15[COMRAM] unsigned char 
 Return value:  Size  Location     Type
                  2    7[COMRAM] PTR unsigned char 
 Registers used:
		wreg, fsr2l, fsr2h, status,2, status,0, cstack
 Tracked objects:
		On entry : 
		On exit  : 
		Unchanged: 
 Data sizes:     COMRAM   BANK0   BANK1   BANK4
      Params:         6       0       0       0
      Locals:         3       0       0       0
      Temps:          0       0       0       0
      Totals:         9       0       0       0
Total ram usage:        9 bytes
 Hardware stack levels used:    1
 Hardware stack levels required when called:    1
 This function calls:
		___lwdiv
		___lwmod
 This function is called by:
		_itoa
 This function uses a non-reentrant model


 *************** function ___lwmod *****************
 Defined at:
		line 8 in file "C:\Program Files (x86)\Microchip\xc8\v1.40\sources\common\lwmod.c"
 Parameters:    Size  Location     Type
  dividend        2    0[COMRAM] unsigned int 
  divisor         2    2[COMRAM] unsigned int 
 Auto vars:     Size  Location     Type
  counter         1    4[COMRAM] unsigned char 
 Return value:  Size  Location     Type
                  2    0[COMRAM] unsigned int 
 Registers used:
		wreg, status,2, status,0
 Tracked objects:
		On entry : 
		On exit  : 
		Unchanged: 
 Data sizes:     COMRAM   BANK0   BANK1   BANK4
      Params:         4       0       0       0
      Locals:         1       0       0       0
      Temps:          0       0       0       0
      Totals:         5       0       0       0
Total ram usage:        5 bytes
 Hardware stack levels used:    1
 This function calls:
		Nothing
 This function is called by:
		_utoa
 This function uses a non-reentrant model


 *************** function ___lwdiv *****************
 Defined at:
		line 8 in file "C:\Program Files (x86)\Microchip\xc8\v1.40\sources\common\lwdiv.c"
 Parameters:    Size  Location     Type
  dividend        2    0[COMRAM] unsigned int 
  divisor         2    2[COMRAM] unsigned int 
 Auto vars:     Size  Location     Type
  quotient        2    4[COMRAM] unsigned int 
  counter         1    6[COMRAM] unsigned char 
 Return value:  Size  Location     Type
                  2    0[COMRAM] unsigned int 
 Registers used:
		wreg, status,2, status,0
 Tracked objects:
		On entry : 
		On exit  : 
		Unchanged: 
 Data sizes:     COMRAM   BANK0   BANK1   BANK4
      Params:         4       0       0       0
      Locals:         3       0       0       0
      Temps:          0       0       0       0
      Totals:         7       0       0       0
Total ram usage:        7 bytes
 Hardware stack levels used:    1
 This function calls:
		Nothing
 This function is called by:
		_utoa
 This function uses a non-reentrant model


 *************** function _EscreveFraseRamLCD *****************
 Defined at:
		line 438 in file "displayLCD.c"
 Parameters:    Size  Location     Type
  buffer          2    3[COMRAM] PTR unsigned char 
		 -> Texto_1(7), Texto_0(15), EscreveInteiroLCD@texto(7), 
 Auto vars:     Size  Location     Type
		None
 Return value:  Size  Location     Type
                  1    wreg      void 
 Registers used:
		wreg, fsr0l, fsr0h, status,2, status,0, tblptrl, tblptrh, tblptru, cstack
 Tracked objects:
		On entry : 
		On exit  : 
		Unchanged: 
 Data sizes:     COMRAM   BANK0   BANK1   BANK4
      Params:         2       0       0       0
      Locals:         0       0       0       0
      Temps:          0       0       0       0
      Totals:         2       0       0       0
Total ram usage:        2 bytes
 Hardware stack levels used:    1
 Hardware stack levels required when called:    2
 This function calls:
		_EscreveCaractereLCD
 This function is called by:
		_EscreveInteiroLCD
		_main
 This function uses a non-reentrant model


 *************** function _EscreveCaractereLCD *****************
 Defined at:
		line 339 in file "displayLCD.c"
 Parameters:    Size  Location     Type
  data            1    wreg     unsigned char 
 Auto vars:     Size  Location     Type
  data            1    2[COMRAM] unsigned char 
 Return value:  Size  Location     Type
                  1    wreg      void 
 Registers used:
		wreg, status,2, status,0, cstack
 Tracked objects:
		On entry : 
		On exit  : 
		Unchanged: 
 Data sizes:     COMRAM   BANK0   BANK1   BANK4
      Params:         0       0       0       0
      Locals:         1       0       0       0
      Temps:          0       0       0       0
      Totals:         1       0       0       0
Total ram usage:        1 bytes
 Hardware stack levels used:    1
 Hardware stack levels required when called:    1
 This function calls:
		_Delay
 This function is called by:
		_EscreveFraseRamLCD
		_EscreveFloatLCD
		_EscreveFraseLCD
		_CriaCaractereLCD
 This function uses a non-reentrant model


 *************** function _ConfiguraLCD *****************
 Defined at:
		line 80 in file "displayLCD.c"
 Parameters:    Size  Location     Type
		None
 Auto vars:     Size  Location     Type
		None
 Return value:  Size  Location     Type
                  1    wreg      void 
 Registers used:
		wreg, status,2, status,0, cstack
 Tracked objects:
		On entry : 
		On exit  : 
		Unchanged: 
 Data sizes:     COMRAM   BANK0   BANK1   BANK4
      Params:         0       0       0       0
      Locals:         0       0       0       0
      Temps:          1       0       0       0
      Totals:         1       0       0       0
Total ram usage:        1 bytes
 Hardware stack levels used:    1
 Hardware stack levels required when called:    2
 This function calls:
		_Delay
		_EscreveComandoLCD
 This function is called by:
		_main
 This function uses a non-reentrant model


 *************** function _EscreveComandoLCD *****************
 Defined at:
		line 172 in file "displayLCD.c"
 Parameters:    Size  Location     Type
  cmd             1    wreg     unsigned char 
 Auto vars:     Size  Location     Type
  cmd             1    2[COMRAM] unsigned char 
 Return value:  Size  Location     Type
                  1    wreg      void 
 Registers used:
		wreg, status,2, status,0, cstack
 Tracked objects:
		On entry : 
		On exit  : 
		Unchanged: 
 Data sizes:     COMRAM   BANK0   BANK1   BANK4
      Params:         0       0       0       0
      Locals:         1       0       0       0
      Temps:          0       0       0       0
      Totals:         1       0       0       0
Total ram usage:        1 bytes
 Hardware stack levels used:    1
 Hardware stack levels required when called:    1
 This function calls:
		_Delay
 This function is called by:
		_ConfiguraLCD
		_main
		_CriaCaractereLCD
 This function uses a non-reentrant model


 *************** function _Delay *****************
 Defined at:
		line 54 in file "displayLCD.c"
 Parameters:    Size  Location     Type
		None
 Auto vars:     Size  Location     Type
  Cnt2            1    1[COMRAM] unsigned char 
  Cnt1            1    0[COMRAM] unsigned char 
 Return value:  Size  Location     Type
                  1    wreg      void 
 Registers used:
		wreg, status,2, status,0
 Tracked objects:
		On entry : 
		On exit  : 
		Unchanged: 
 Data sizes:     COMRAM   BANK0   BANK1   BANK4
      Params:         0       0       0       0
      Locals:         2       0       0       0
      Temps:          0       0       0       0
      Totals:         2       0       0       0
Total ram usage:        2 bytes
 Hardware stack levels used:    1
 This function calls:
		Nothing
 This function is called by:
		_ConfiguraLCD
		_EscreveComandoLCD
		_EnderecoCursor
		_EscreveCaractereLCD
 This function uses a non-reentrant model



MODULE INFORMATION

Module		Function		Class		Link	Load	Size
C:\Program Files (x86)\Microchip\xc8\v1.40\sources\common\itoa.c
		_itoa          		CODE           	09BC	0000	67
		_utoa          		CODE           	060C	0000	165

C:\Program Files (x86)\Microchip\xc8\v1.40\sources\common\itoa.c estimated size: 232

adcon.c
		_main          		CODE           	054C	0000	193
		_delay_ms      		CODE           	0AB2	0000	37

adcon.c estimated size: 230

C:\Program Files (x86)\Microchip\xc8\v1.40\sources\common\lwmod.c
		___lwmod       		CODE           	09FE	0000	67

C:\Program Files (x86)\Microchip\xc8\v1.40\sources\common\lwmod.c estimated size: 67

shared
		_Texto_0       		SMALLCONST     	0529	0000	16
		_dpowers       		SMALLCONST     	0000	0000	0
		__initialization		CODE           	0A7C	0000	45
		_Texto_1       		SMALLCONST     	0538	0000	8

shared estimated size: 69

displayLCD.c
		_EscreveCaractereLCD		CODE           	07DA	0000	115
		_EscreveComandoLCD		CODE           	074E	0000	141
		_EscreveInteiroLCD		CODE           	0A40	0000	61
		_ConfiguraLCD  		CODE           	06B0	0000	159
		_Delay         		CODE           	0AD6	0000	37
		_PosicaoCursorLCD		CODE           	08B6	0000	99
		_EnderecoCursor		CODE           	084C	0000	107
		_EscreveFraseRamLCD		CODE           	096A	0000	83

displayLCD.c estimated size: 802

C:\Program Files (x86)\Microchip\xc8\v1.40\sources\common\lwdiv.c
		___lwdiv       		CODE           	0918	0000	83

C:\Program Files (x86)\Microchip\xc8\v1.40\sources\common\lwdiv.c estimated size: 83

